src/app/(admin)/admin/(dashboard)/programs/[id]/page.tsx(31,26): error TS2322: Type '{ imageIcon: string; level: string; keyPoints: string[]; audience: string[]; instructorExpertise: string[]; learningOutcomes: string[]; tags: string[]; lastUpdated: string; id: string; createdAt: Date; ... 13 more ...; longDescription: string; } | undefined' is not assignable to type 'ProgramData | undefined'.
  Type '{ imageIcon: string; level: string; keyPoints: string[]; audience: string[]; instructorExpertise: string[]; learningOutcomes: string[]; tags: string[]; lastUpdated: string; id: string; ... 14 more ...; longDescription: string; }' is not assignable to type 'ProgramData'.
    Types of property 'certification' are incompatible.
      Type 'string | null' is not assignable to type 'string | undefined'.
        Type 'null' is not assignable to type 'string | undefined'.
src/app/page.tsx(37,24): error TS2322: Type '{ id: string; createdAt: Date; updatedAt: Date; name: string; logo: string | null; website: string | null; }[]' is not assignable to type 'Partner[]'.
  Type '{ id: string; createdAt: Date; updatedAt: Date; name: string; logo: string | null; website: string | null; }' is not assignable to type 'Partner'.
    Types of property 'logo' are incompatible.
      Type 'string | null' is not assignable to type 'string'.
        Type 'null' is not assignable to type 'string'.
src/lib/programs.tsx(49,3): error TS2322: Type '{ level: "Intermediate" | "Foundation" | "Advanced"; instructor: { name: string; expertise: string[]; }; images: { cover: string; icon: string | null; }; id: string; createdAt: Date; updatedAt: Date; ... 19 more ...; longDescription: string; }[]' is not assignable to type 'Program[]'.
  Type '{ level: "Foundation" | "Intermediate" | "Advanced"; instructor: { name: string; expertise: string[]; }; images: { cover: string; icon: string | null; }; id: string; createdAt: Date; updatedAt: Date; ... 19 more ...; longDescription: string; }' is not assignable to type 'Program'.
    Types of property 'certification' are incompatible.
      Type 'string | null' is not assignable to type 'string'.
        Type 'null' is not assignable to type 'string'.
src/lib/programs.tsx(70,3): error TS2322: Type '{ level: "Foundation" | "Intermediate" | "Advanced"; instructor: { name: string; expertise: string[]; }; images: { cover: string; icon: string | null; }; id: string; createdAt: Date; updatedAt: Date; ... 19 more ...; longDescription: string; }' is not assignable to type 'Program'.
  Types of property 'certification' are incompatible.
    Type 'string | null' is not assignable to type 'string'.
      Type 'null' is not assignable to type 'string'.
